Processing ./data/2025-09-05_optimized.csv...
  Test mode: Processing only 3 specific users
    - 00775c99-feba-4683-af8b-21c493841508
    - fffe1ed6-e7ee-41e0-a193-101f13d54812
    - ffbbdec5-d2d8-4971-903a-1d2c90de4314

  Row 10,000 | Users: 1 processed | Rate: 173977 rows/sec, 2 test users remaining
  Row 20,000 | Users: 1 processed | Rate: 277820 rows/sec, 2 test users remaining
  Row 30,000 | Users: 1 processed | Rate: 346965 rows/sec, 2 test users remaining
  Row 40,000 | Users: 1 processed | Rate: 396778 rows/sec, 2 test users remaining
  Row 50,000 | Users: 1 processed | Rate: 433565 rows/sec, 2 test users remaining
  Row 60,000 | Users: 1 processed | Rate: 461691 rows/sec, 2 test users remaining
  Row 70,000 | Users: 1 processed | Rate: 484352 rows/sec, 2 test users remaining
  Row 80,000 | Users: 1 processed | Rate: 503173 rows/sec, 2 test users remaining
  Row 90,000 | Users: 1 processed | Rate: 518332 rows/sec, 2 test users remaining
  Row 100,000 | Users: 1 processed | Rate: 531319 rows/sec, 2 test users remaining
  Row 110,000 | Users: 1 processed | Rate: 542966 rows/sec, 2 test users remaining
  Row 120,000 | Users: 1 processed | Rate: 552629 rows/sec, 2 test users remaining
  Row 130,000 | Users: 1 processed | Rate: 560318 rows/sec, 2 test users remaining
  Row 140,000 | Users: 1 processed | Rate: 568309 rows/sec, 2 test users remaining
  Row 150,000 | Users: 1 processed | Rate: 575685 rows/sec, 2 test users remaining
  Row 160,000 | Users: 1 processed | Rate: 582526 rows/sec, 2 test users remaining
  Row 170,000 | Users: 1 processed | Rate: 588396 rows/sec, 2 test users remaining
  Row 180,000 | Users: 1 processed | Rate: 593356 rows/sec, 2 test users remaining
  Row 190,000 | Users: 1 processed | Rate: 597593 rows/sec, 2 test users remaining
  Row 200,000 | Users: 1 processed | Rate: 602065 rows/sec, 2 test users remaining
  Row 210,000 | Users: 1 processed | Rate: 606237 rows/sec, 2 test users remaining
  Row 220,000 | Users: 1 processed | Rate: 609851 rows/sec, 2 test users remaining
  Row 230,000 | Users: 1 processed | Rate: 613507 rows/sec, 2 test users remaining
  Row 240,000 | Users: 1 processed | Rate: 616881 rows/sec, 2 test users remaining
  Row 250,000 | Users: 1 processed | Rate: 619433 rows/sec, 2 test users remaining
  Row 260,000 | Users: 1 processed | Rate: 622024 rows/sec, 2 test users remaining
  Row 270,000 | Users: 1 processed | Rate: 624407 rows/sec, 2 test users remaining
  Row 280,000 | Users: 1 processed | Rate: 626773 rows/sec, 2 test users remaining
  Row 290,000 | Users: 1 processed | Rate: 629060 rows/sec, 2 test users remaining
  Row 300,000 | Users: 1 processed | Rate: 631461 rows/sec, 2 test users remaining
  Row 310,000 | Users: 1 processed | Rate: 633001 rows/sec, 2 test users remaining
  Row 320,000 | Users: 1 processed | Rate: 634476 rows/sec, 2 test users remaining
  Row 330,000 | Users: 1 processed | Rate: 636315 rows/sec, 2 test users remaining
  Row 340,000 | Users: 1 processed | Rate: 638014 rows/sec, 2 test users remaining
  Row 350,000 | Users: 1 processed | Rate: 639551 rows/sec, 2 test users remaining
  Row 360,000 | Users: 1 processed | Rate: 640995 rows/sec, 2 test users remaining
  Row 370,000 | Users: 1 processed | Rate: 642282 rows/sec, 2 test users remaining
  Row 380,000 | Users: 1 processed | Rate: 643351 rows/sec, 2 test users remaining
  Row 390,000 | Users: 1 processed | Rate: 644589 rows/sec, 2 test users remaining
  Row 400,000 | Users: 1 processed | Rate: 645362 rows/sec, 2 test users remaining
  Row 410,000 | Users: 1 processed | Rate: 646572 rows/sec, 2 test users remaining
  Row 420,000 | Users: 1 processed | Rate: 647781 rows/sec, 2 test users remaining
  Row 430,000 | Users: 1 processed | Rate: 648926 rows/sec, 2 test users remaining
  Row 440,000 | Users: 1 processed | Rate: 649568 rows/sec, 2 test users remaining
  Row 450,000 | Users: 1 processed | Rate: 650179 rows/sec, 2 test users remaining
  Row 460,000 | Users: 1 processed | Rate: 651008 rows/sec, 2 test users remaining
  Row 470,000 | Users: 1 processed | Rate: 651890 rows/sec, 2 test users remaining
  Row 480,000 | Users: 1 processed | Rate: 652777 rows/sec, 2 test users remaining
  Row 490,000 | Users: 1 processed | Rate: 653455 rows/sec, 2 test users remaining
  Row 500,000 | Users: 1 processed | Rate: 654081 rows/sec, 2 test users remaining
  Row 510,000 | Users: 1 processed | Rate: 654681 rows/sec, 2 test users remaining
  Row 520,000 | Users: 1 processed | Rate: 655342 rows/sec, 2 test users remaining
  Row 530,000 | Users: 1 processed | Rate: 656061 rows/sec, 2 test users remaining
  Row 540,000 | Users: 1 processed | Rate: 656657 rows/sec, 2 test users remaining
  Row 550,000 | Users: 1 processed | Rate: 657296 rows/sec, 2 test users remaining
  Row 560,000 | Users: 1 processed | Rate: 657727 rows/sec, 2 test users remaining
  Row 570,000 | Users: 1 processed | Rate: 658221 rows/sec, 2 test users remaining
  Row 580,000 | Users: 1 processed | Rate: 658731 rows/sec, 2 test users remaining
  Row 590,000 | Users: 1 processed | Rate: 659167 rows/sec, 2 test users remaining
  Row 600,000 | Users: 1 processed | Rate: 659710 rows/sec, 2 test users remaining
  Row 610,000 | Users: 1 processed | Rate: 660267 rows/sec, 2 test users remaining
  Row 620,000 | Users: 1 processed | Rate: 660780 rows/sec, 2 test users remaining
  Row 630,000 | Users: 1 processed | Rate: 660972 rows/sec, 2 test users remaining
  Row 640,000 | Users: 1 processed | Rate: 661524 rows/sec, 2 test users remaining
  Row 650,000 | Users: 1 processed | Rate: 662064 rows/sec, 2 test users remaining
  Row 660,000 | Users: 1 processed | Rate: 662640 rows/sec, 2 test users remaining
  Row 670,000 | Users: 1 processed | Rate: 663271 rows/sec, 2 test users remaining
  Row 680,000 | Users: 1 processed | Rate: 663660 rows/sec, 2 test users remaining
  Row 690,000 | Users: 1 processed | Rate: 663840 rows/sec, 2 test users remaining
  Row 700,000 | Users: 1 processed | Rate: 664087 rows/sec, 2 test users remaining

  Found all 3 test users, stopping early...

Processing Complete:
  Total rows processed: 708,916
  Test users found: 3 of 3
  Users processed: 3
  Users with insufficient init data (<10 readings): 1
  Measurements accepted: 301
  Measurements rejected: 2
  Time: 1.1s (651955 rows/sec)
  Acceptance rate: 99.3%

Results saved to output/results_test_no_date.json

Generating visualizations...

Visualization Summary:
  Users with sufficient data (>=0 points): 2
  Visualizations created: 2 in output/viz_test_no_date
